Copyright 1986-2016 Xilinx, Inc. All Rights Reserved.
-----------------------------------------------------------------------------------------
| Tool Version : Vivado v.2016.4 (win64) Build 1756540 Mon Jan 23 19:11:23 MST 2017
| Date         : Wed Jun 21 19:58:28 2017
| Host         : shlab_42-PC running 64-bit Service Pack 1  (build 7601)
| Command      : report_control_sets -verbose -file lab6_wrapper_control_sets_placed.rpt
| Design       : lab6_wrapper
| Device       : xc7z020
-----------------------------------------------------------------------------------------

Control Set Information

Table of Contents
-----------------
1. Summary
2. Flip-Flop Distribution
3. Detailed Control Set Information

1. Summary
----------

+----------------------------------------------------------+-------+
|                          Status                          | Count |
+----------------------------------------------------------+-------+
| Number of unique control sets                            |   143 |
| Unused register locations in slices containing registers |    80 |
+----------------------------------------------------------+-------+


2. Flip-Flop Distribution
-------------------------

+--------------+-----------------------+------------------------+-----------------+--------------+
| Clock Enable | Synchronous Set/Reset | Asynchronous Set/Reset | Total Registers | Total Slices |
+--------------+-----------------------+------------------------+-----------------+--------------+
| No           | No                    | No                     |             109 |           30 |
| No           | No                    | Yes                    |               0 |            0 |
| No           | Yes                   | No                     |             115 |           46 |
| Yes          | No                    | No                     |           12058 |         3514 |
| Yes          | No                    | Yes                    |               0 |            0 |
| Yes          | Yes                   | No                     |             878 |          270 |
+--------------+-----------------------+------------------------+-----------------+--------------+


3. Detailed Control Set Information
-----------------------------------

+---------------------------------------------+-----------------------------------------------------------------------------------------------------------------------------------------------------------+--------------------------------------------------------------------------------------------------------------------------------------+------------------+----------------+
|                 Clock Signal                |                                                                       Enable Signal                                                                       |                                                           Set/Reset Signal                                                           | Slice Load Count | Bel Load Count |
+---------------------------------------------+-----------------------------------------------------------------------------------------------------------------------------------------------------------+--------------------------------------------------------------------------------------------------------------------------------------+------------------+----------------+
|  lab6_i/processing_system7_0/inst/FCLK_CLK0 | lab6_i/ps7_0_axi_periph/s00_couplers/auto_pc/inst/gen_axilite.gen_b2s_conv.axilite_b2s/WR.b_channel_0/bid_fifo_0/bresp_push                               |                                                                                                                                      |                1 |              2 |
|  lab6_i/processing_system7_0/inst/FCLK_CLK0 | lab6_i/ps7_0_axi_periph/s00_couplers/auto_pc/inst/gen_axilite.gen_b2s_conv.axilite_b2s/WR.aw_channel_0/aw_cmd_fsm_0/E[0]                                  | lab6_i/ps7_0_axi_periph/s00_couplers/auto_pc/inst/gen_axilite.gen_b2s_conv.axilite_b2s/WR.aw_channel_0/aw_cmd_fsm_0/axlen_cnt_reg[7] |                2 |              4 |
|  lab6_i/processing_system7_0/inst/FCLK_CLK0 |                                                                                                                                                           | lab6_i/rst_ps7_0_100M/U0/EXT_LPF/lpf_int                                                                                             |                2 |              4 |
|  lab6_i/processing_system7_0/inst/FCLK_CLK0 |                                                                                                                                                           | lab6_i/ps7_0_axi_periph/s00_couplers/auto_pc/inst/gen_axilite.gen_b2s_conv.axilite_b2s/SI_REG/aw_pipe/s_ready_i_reg_0                |                3 |              4 |
|  lab6_i/processing_system7_0/inst/FCLK_CLK0 |                                                                                                                                                           | lab6_i/ps7_0_axi_periph/s00_couplers/auto_pc/inst/gen_axilite.gen_b2s_conv.axilite_b2s/SI_REG/ar_pipe/m_valid_i_reg_0                |                3 |              4 |
|  lab6_i/processing_system7_0/inst/FCLK_CLK0 | lab6_i/ps7_0_axi_periph/s00_couplers/auto_pc/inst/gen_axilite.gen_b2s_conv.axilite_b2s/RD.ar_channel_0/ar_cmd_fsm_0/axlen_cnt_reg[3][0]                   | lab6_i/ps7_0_axi_periph/s00_couplers/auto_pc/inst/gen_axilite.gen_b2s_conv.axilite_b2s/RD.ar_channel_0/ar_cmd_fsm_0/axlen_cnt_reg[7] |                2 |              4 |
|  lab6_i/processing_system7_0/inst/FCLK_CLK0 | lab6_i/me_match_0/inst/me_match_v1_0_S00_AXI_inst/axi_arready_i_1_n_0                                                                                     | lab6_i/me_match_0/inst/me_match_v1_0_S00_AXI_inst/axi_awready_i_1_n_0                                                                |                2 |              5 |
|  lab6_i/processing_system7_0/inst/FCLK_CLK0 | lab6_i/me_match_0/inst/me_match_v1_0_S00_AXI_inst/axi_awready_i_2_n_0                                                                                     | lab6_i/me_match_0/inst/me_match_v1_0_S00_AXI_inst/axi_awready_i_1_n_0                                                                |                2 |              5 |
|  lab6_i/processing_system7_0/inst/FCLK_CLK0 | lab6_i/rst_ps7_0_100M/U0/SEQ/seq_cnt_en                                                                                                                   | lab6_i/rst_ps7_0_100M/U0/SEQ/SEQ_COUNTER/clear                                                                                       |                1 |              6 |
|  lab6_i/processing_system7_0/inst/FCLK_CLK0 | lab6_i/me_match_0/inst/me_match_v1_0_S00_AXI_inst/data_out_addr[5]_i_1_n_0                                                                                | lab6_i/me_match_0/inst/me_match_v1_0_S00_AXI_inst/axi_awready_i_1_n_0                                                                |                3 |              6 |
|  lab6_i/processing_system7_0/inst/FCLK_CLK0 | lab6_i/me_match_0/inst/me_match_v1_0_S00_AXI_inst/slv_reg0__0[7]                                                                                          | lab6_i/me_match_0/inst/me_match_v1_0_S00_AXI_inst/axi_awready_i_1_n_0                                                                |                2 |              8 |
|  lab6_i/processing_system7_0/inst/FCLK_CLK0 | lab6_i/me_match_0/inst/me_match_v1_0_S00_AXI_inst/slv_reg0__0[15]                                                                                         | lab6_i/me_match_0/inst/me_match_v1_0_S00_AXI_inst/axi_awready_i_1_n_0                                                                |                2 |              8 |
|  lab6_i/processing_system7_0/inst/FCLK_CLK0 | lab6_i/me_match_0/inst/me_match_v1_0_S00_AXI_inst/slv_reg0__0[23]                                                                                         | lab6_i/me_match_0/inst/me_match_v1_0_S00_AXI_inst/axi_awready_i_1_n_0                                                                |                2 |              8 |
|  lab6_i/processing_system7_0/inst/FCLK_CLK0 | lab6_i/me_match_0/inst/me_match_v1_0_S00_AXI_inst/slv_reg0__0[31]                                                                                         | lab6_i/me_match_0/inst/me_match_v1_0_S00_AXI_inst/axi_awready_i_1_n_0                                                                |                3 |              8 |
|  lab6_i/processing_system7_0/inst/FCLK_CLK0 | lab6_i/me_match_0/inst/me_match_v1_0_S00_AXI_inst/slv_reg10__0[23]                                                                                        | lab6_i/me_match_0/inst/me_match_v1_0_S00_AXI_inst/axi_awready_i_1_n_0                                                                |                5 |              8 |
|  lab6_i/processing_system7_0/inst/FCLK_CLK0 | lab6_i/me_match_0/inst/me_match_v1_0_S00_AXI_inst/slv_reg10__0[7]                                                                                         | lab6_i/me_match_0/inst/me_match_v1_0_S00_AXI_inst/axi_awready_i_1_n_0                                                                |                2 |              8 |
|  lab6_i/processing_system7_0/inst/FCLK_CLK0 | lab6_i/me_match_0/inst/me_match_v1_0_S00_AXI_inst/slv_reg10__0[15]                                                                                        | lab6_i/me_match_0/inst/me_match_v1_0_S00_AXI_inst/axi_awready_i_1_n_0                                                                |                3 |              8 |
|  lab6_i/processing_system7_0/inst/FCLK_CLK0 | lab6_i/me_match_0/inst/me_match_v1_0_S00_AXI_inst/slv_reg10__0[31]                                                                                        | lab6_i/me_match_0/inst/me_match_v1_0_S00_AXI_inst/axi_awready_i_1_n_0                                                                |                5 |              8 |
|  lab6_i/processing_system7_0/inst/FCLK_CLK0 | lab6_i/me_match_0/inst/me_match_v1_0_S00_AXI_inst/slv_reg11__0[7]                                                                                         | lab6_i/me_match_0/inst/me_match_v1_0_S00_AXI_inst/axi_awready_i_1_n_0                                                                |                2 |              8 |
|  lab6_i/processing_system7_0/inst/FCLK_CLK0 | lab6_i/ps7_0_axi_periph/s00_couplers/auto_pc/inst/gen_axilite.gen_b2s_conv.axilite_b2s/WR.aw_channel_0/aw_cmd_fsm_0/wrap_boundary_axaddr_r_reg[0][0]      |                                                                                                                                      |                4 |              8 |
|  lab6_i/processing_system7_0/inst/FCLK_CLK0 | lab6_i/ps7_0_axi_periph/s00_couplers/auto_pc/inst/gen_axilite.gen_b2s_conv.axilite_b2s/WR.aw_channel_0/cmd_translator_0/incr_cmd_0/axaddr_incr[0]_i_1_n_0 |                                                                                                                                      |                2 |              8 |
|  lab6_i/processing_system7_0/inst/FCLK_CLK0 | lab6_i/ps7_0_axi_periph/s00_couplers/auto_pc/inst/gen_axilite.gen_b2s_conv.axilite_b2s/WR.b_channel_0/mhandshake_r                                        | lab6_i/ps7_0_axi_periph/s00_couplers/auto_pc/inst/gen_axilite.gen_b2s_conv.axilite_b2s/WR.b_channel_0/bid_fifo_0/SR[0]               |                2 |              8 |
|  lab6_i/processing_system7_0/inst/FCLK_CLK0 | lab6_i/me_match_0/inst/me_match_v1_0_S00_AXI_inst/slv_reg12[23]_i_1_n_0                                                                                   | lab6_i/me_match_0/inst/me_match_v1_0_S00_AXI_inst/axi_awready_i_1_n_0                                                                |                4 |              8 |
|  lab6_i/processing_system7_0/inst/FCLK_CLK0 | lab6_i/ps7_0_axi_periph/s00_couplers/auto_pc/inst/gen_axilite.gen_b2s_conv.axilite_b2s/RD.ar_channel_0/ar_cmd_fsm_0/E[0]                                  |                                                                                                                                      |                4 |              8 |
|  lab6_i/processing_system7_0/inst/FCLK_CLK0 | lab6_i/me_match_0/inst/me_match_v1_0_S00_AXI_inst/slv_reg11__0[15]                                                                                        | lab6_i/me_match_0/inst/me_match_v1_0_S00_AXI_inst/axi_awready_i_1_n_0                                                                |                1 |              8 |
|  lab6_i/processing_system7_0/inst/FCLK_CLK0 | lab6_i/ps7_0_axi_periph/s00_couplers/auto_pc/inst/gen_axilite.gen_b2s_conv.axilite_b2s/RD.ar_channel_0/ar_cmd_fsm_0/axaddr_incr_reg[11]                   |                                                                                                                                      |                2 |              8 |
|  lab6_i/processing_system7_0/inst/FCLK_CLK0 | lab6_i/me_match_0/inst/me_match_v1_0_S00_AXI_inst/slv_reg11__0[23]                                                                                        | lab6_i/me_match_0/inst/me_match_v1_0_S00_AXI_inst/axi_awready_i_1_n_0                                                                |                1 |              8 |
|  lab6_i/processing_system7_0/inst/FCLK_CLK0 | lab6_i/me_match_0/inst/me_match_v1_0_S00_AXI_inst/slv_reg11__0[31]                                                                                        | lab6_i/me_match_0/inst/me_match_v1_0_S00_AXI_inst/axi_awready_i_1_n_0                                                                |                3 |              8 |
|  lab6_i/processing_system7_0/inst/FCLK_CLK0 | lab6_i/me_match_0/inst/me_match_v1_0_S00_AXI_inst/slv_reg1__0[7]                                                                                          | lab6_i/me_match_0/inst/me_match_v1_0_S00_AXI_inst/axi_awready_i_1_n_0                                                                |                3 |              8 |
|  lab6_i/processing_system7_0/inst/FCLK_CLK0 | lab6_i/me_match_0/inst/me_match_v1_0_S00_AXI_inst/slv_reg1__0[15]                                                                                         | lab6_i/me_match_0/inst/me_match_v1_0_S00_AXI_inst/axi_awready_i_1_n_0                                                                |                2 |              8 |
|  lab6_i/processing_system7_0/inst/FCLK_CLK0 | lab6_i/me_match_0/inst/me_match_v1_0_S00_AXI_inst/slv_reg1__0[23]                                                                                         | lab6_i/me_match_0/inst/me_match_v1_0_S00_AXI_inst/axi_awready_i_1_n_0                                                                |                2 |              8 |
|  lab6_i/processing_system7_0/inst/FCLK_CLK0 | lab6_i/me_match_0/inst/me_match_v1_0_S00_AXI_inst/slv_reg1__0[31]                                                                                         | lab6_i/me_match_0/inst/me_match_v1_0_S00_AXI_inst/axi_awready_i_1_n_0                                                                |                3 |              8 |
|  lab6_i/processing_system7_0/inst/FCLK_CLK0 | lab6_i/me_match_0/inst/me_match_v1_0_S00_AXI_inst/slv_reg2__0[7]                                                                                          | lab6_i/me_match_0/inst/me_match_v1_0_S00_AXI_inst/axi_awready_i_1_n_0                                                                |                1 |              8 |
|  lab6_i/processing_system7_0/inst/FCLK_CLK0 | lab6_i/me_match_0/inst/me_match_v1_0_S00_AXI_inst/slv_reg2__0[15]                                                                                         | lab6_i/me_match_0/inst/me_match_v1_0_S00_AXI_inst/axi_awready_i_1_n_0                                                                |                3 |              8 |
|  lab6_i/processing_system7_0/inst/FCLK_CLK0 | lab6_i/me_match_0/inst/me_match_v1_0_S00_AXI_inst/slv_reg2__0[23]                                                                                         | lab6_i/me_match_0/inst/me_match_v1_0_S00_AXI_inst/axi_awready_i_1_n_0                                                                |                2 |              8 |
|  lab6_i/processing_system7_0/inst/FCLK_CLK0 | lab6_i/me_match_0/inst/me_match_v1_0_S00_AXI_inst/slv_reg2__0[31]                                                                                         | lab6_i/me_match_0/inst/me_match_v1_0_S00_AXI_inst/axi_awready_i_1_n_0                                                                |                2 |              8 |
|  lab6_i/processing_system7_0/inst/FCLK_CLK0 | lab6_i/me_match_0/inst/me_match_v1_0_S00_AXI_inst/slv_reg3__0[7]                                                                                          | lab6_i/me_match_0/inst/me_match_v1_0_S00_AXI_inst/axi_awready_i_1_n_0                                                                |                3 |              8 |
|  lab6_i/processing_system7_0/inst/FCLK_CLK0 | lab6_i/me_match_0/inst/me_match_v1_0_S00_AXI_inst/slv_reg3__0[15]                                                                                         | lab6_i/me_match_0/inst/me_match_v1_0_S00_AXI_inst/axi_awready_i_1_n_0                                                                |                2 |              8 |
|  lab6_i/processing_system7_0/inst/FCLK_CLK0 | lab6_i/me_match_0/inst/me_match_v1_0_S00_AXI_inst/slv_reg3__0[23]                                                                                         | lab6_i/me_match_0/inst/me_match_v1_0_S00_AXI_inst/axi_awready_i_1_n_0                                                                |                1 |              8 |
|  lab6_i/processing_system7_0/inst/FCLK_CLK0 | lab6_i/me_match_0/inst/me_match_v1_0_S00_AXI_inst/slv_reg3__0[31]                                                                                         | lab6_i/me_match_0/inst/me_match_v1_0_S00_AXI_inst/axi_awready_i_1_n_0                                                                |                2 |              8 |
|  lab6_i/processing_system7_0/inst/FCLK_CLK0 | lab6_i/me_match_0/inst/me_match_v1_0_S00_AXI_inst/slv_reg4__0[7]                                                                                          | lab6_i/me_match_0/inst/me_match_v1_0_S00_AXI_inst/axi_awready_i_1_n_0                                                                |                5 |              8 |
|  lab6_i/processing_system7_0/inst/FCLK_CLK0 | lab6_i/me_match_0/inst/me_match_v1_0_S00_AXI_inst/slv_reg4__0[15]                                                                                         | lab6_i/me_match_0/inst/me_match_v1_0_S00_AXI_inst/axi_awready_i_1_n_0                                                                |                3 |              8 |
|  lab6_i/processing_system7_0/inst/FCLK_CLK0 | lab6_i/me_match_0/inst/me_match_v1_0_S00_AXI_inst/slv_reg4__0[23]                                                                                         | lab6_i/me_match_0/inst/me_match_v1_0_S00_AXI_inst/axi_awready_i_1_n_0                                                                |                3 |              8 |
|  lab6_i/processing_system7_0/inst/FCLK_CLK0 | lab6_i/me_match_0/inst/me_match_v1_0_S00_AXI_inst/slv_reg4__0[31]                                                                                         | lab6_i/me_match_0/inst/me_match_v1_0_S00_AXI_inst/axi_awready_i_1_n_0                                                                |                4 |              8 |
|  lab6_i/processing_system7_0/inst/FCLK_CLK0 | lab6_i/me_match_0/inst/me_match_v1_0_S00_AXI_inst/slv_reg5__0[7]                                                                                          | lab6_i/me_match_0/inst/me_match_v1_0_S00_AXI_inst/axi_awready_i_1_n_0                                                                |                2 |              8 |
|  lab6_i/processing_system7_0/inst/FCLK_CLK0 | lab6_i/me_match_0/inst/me_match_v1_0_S00_AXI_inst/slv_reg5__0[15]                                                                                         | lab6_i/me_match_0/inst/me_match_v1_0_S00_AXI_inst/axi_awready_i_1_n_0                                                                |                7 |              8 |
|  lab6_i/processing_system7_0/inst/FCLK_CLK0 | lab6_i/me_match_0/inst/me_match_v1_0_S00_AXI_inst/slv_reg5__0[23]                                                                                         | lab6_i/me_match_0/inst/me_match_v1_0_S00_AXI_inst/axi_awready_i_1_n_0                                                                |                3 |              8 |
|  lab6_i/processing_system7_0/inst/FCLK_CLK0 | lab6_i/me_match_0/inst/me_match_v1_0_S00_AXI_inst/slv_reg5__0[31]                                                                                         | lab6_i/me_match_0/inst/me_match_v1_0_S00_AXI_inst/axi_awready_i_1_n_0                                                                |                1 |              8 |
|  lab6_i/processing_system7_0/inst/FCLK_CLK0 | lab6_i/me_match_0/inst/me_match_v1_0_S00_AXI_inst/slv_reg6__0[7]                                                                                          | lab6_i/me_match_0/inst/me_match_v1_0_S00_AXI_inst/axi_awready_i_1_n_0                                                                |                1 |              8 |
|  lab6_i/processing_system7_0/inst/FCLK_CLK0 | lab6_i/me_match_0/inst/me_match_v1_0_S00_AXI_inst/slv_reg6__0[15]                                                                                         | lab6_i/me_match_0/inst/me_match_v1_0_S00_AXI_inst/axi_awready_i_1_n_0                                                                |                1 |              8 |
|  lab6_i/processing_system7_0/inst/FCLK_CLK0 | lab6_i/me_match_0/inst/me_match_v1_0_S00_AXI_inst/slv_reg6__0[23]                                                                                         | lab6_i/me_match_0/inst/me_match_v1_0_S00_AXI_inst/axi_awready_i_1_n_0                                                                |                2 |              8 |
|  lab6_i/processing_system7_0/inst/FCLK_CLK0 | lab6_i/me_match_0/inst/me_match_v1_0_S00_AXI_inst/slv_reg6__0[31]                                                                                         | lab6_i/me_match_0/inst/me_match_v1_0_S00_AXI_inst/axi_awready_i_1_n_0                                                                |                1 |              8 |
|  lab6_i/processing_system7_0/inst/FCLK_CLK0 | lab6_i/me_match_0/inst/me_match_v1_0_S00_AXI_inst/slv_reg7__0[7]                                                                                          | lab6_i/me_match_0/inst/me_match_v1_0_S00_AXI_inst/axi_awready_i_1_n_0                                                                |                1 |              8 |
|  lab6_i/processing_system7_0/inst/FCLK_CLK0 | lab6_i/me_match_0/inst/me_match_v1_0_S00_AXI_inst/slv_reg7__0[15]                                                                                         | lab6_i/me_match_0/inst/me_match_v1_0_S00_AXI_inst/axi_awready_i_1_n_0                                                                |                1 |              8 |
|  lab6_i/processing_system7_0/inst/FCLK_CLK0 | lab6_i/me_match_0/inst/me_match_v1_0_S00_AXI_inst/slv_reg7__0[23]                                                                                         | lab6_i/me_match_0/inst/me_match_v1_0_S00_AXI_inst/axi_awready_i_1_n_0                                                                |                1 |              8 |
|  lab6_i/processing_system7_0/inst/FCLK_CLK0 | lab6_i/me_match_0/inst/me_match_v1_0_S00_AXI_inst/slv_reg7__0[31]                                                                                         | lab6_i/me_match_0/inst/me_match_v1_0_S00_AXI_inst/axi_awready_i_1_n_0                                                                |                3 |              8 |
|  lab6_i/processing_system7_0/inst/FCLK_CLK0 | lab6_i/me_match_0/inst/me_match_v1_0_S00_AXI_inst/slv_reg8__0[15]                                                                                         | lab6_i/me_match_0/inst/me_match_v1_0_S00_AXI_inst/axi_awready_i_1_n_0                                                                |                2 |              8 |
|  lab6_i/processing_system7_0/inst/FCLK_CLK0 | lab6_i/me_match_0/inst/me_match_v1_0_S00_AXI_inst/slv_reg8__0[23]                                                                                         | lab6_i/me_match_0/inst/me_match_v1_0_S00_AXI_inst/axi_awready_i_1_n_0                                                                |                2 |              8 |
|  lab6_i/processing_system7_0/inst/FCLK_CLK0 | lab6_i/me_match_0/inst/me_match_v1_0_S00_AXI_inst/slv_reg8__0[31]                                                                                         | lab6_i/me_match_0/inst/me_match_v1_0_S00_AXI_inst/axi_awready_i_1_n_0                                                                |                1 |              8 |
|  lab6_i/processing_system7_0/inst/FCLK_CLK0 | lab6_i/me_match_0/inst/me_match_v1_0_S00_AXI_inst/slv_reg9__0[7]                                                                                          | lab6_i/me_match_0/inst/me_match_v1_0_S00_AXI_inst/axi_awready_i_1_n_0                                                                |                2 |              8 |
|  lab6_i/processing_system7_0/inst/FCLK_CLK0 | lab6_i/me_match_0/inst/me_match_v1_0_S00_AXI_inst/slv_reg9__0[15]                                                                                         | lab6_i/me_match_0/inst/me_match_v1_0_S00_AXI_inst/axi_awready_i_1_n_0                                                                |                2 |              8 |
|  lab6_i/processing_system7_0/inst/FCLK_CLK0 | lab6_i/me_match_0/inst/me_match_v1_0_S00_AXI_inst/slv_reg9__0[23]                                                                                         | lab6_i/me_match_0/inst/me_match_v1_0_S00_AXI_inst/axi_awready_i_1_n_0                                                                |                2 |              8 |
|  lab6_i/processing_system7_0/inst/FCLK_CLK0 | lab6_i/me_match_0/inst/me_match_v1_0_S00_AXI_inst/slv_reg9__0[31]                                                                                         | lab6_i/me_match_0/inst/me_match_v1_0_S00_AXI_inst/axi_awready_i_1_n_0                                                                |                2 |              8 |
|  lab6_i/processing_system7_0/inst/FCLK_CLK0 | lab6_i/me_match_0/inst/me_match_v1_0_S00_AXI_inst/p_1_in__0[7]                                                                                            | lab6_i/me_match_0/inst/me_match_v1_0_S00_AXI_inst/axi_awready_i_1_n_0                                                                |                3 |              8 |
|  lab6_i/processing_system7_0/inst/FCLK_CLK0 | lab6_i/me_match_0/inst/me_match_v1_0_S00_AXI_inst/p_1_in__0[15]                                                                                           | lab6_i/me_match_0/inst/me_match_v1_0_S00_AXI_inst/axi_awready_i_1_n_0                                                                |                3 |              8 |
|  lab6_i/processing_system7_0/inst/FCLK_CLK0 | lab6_i/me_match_0/inst/me_match_v1_0_S00_AXI_inst/p_1_in__0[23]                                                                                           | lab6_i/me_match_0/inst/me_match_v1_0_S00_AXI_inst/axi_awready_i_1_n_0                                                                |                2 |              8 |
|  lab6_i/processing_system7_0/inst/FCLK_CLK0 | lab6_i/me_match_0/inst/me_match_v1_0_S00_AXI_inst/p_1_in__0[31]                                                                                           | lab6_i/me_match_0/inst/me_match_v1_0_S00_AXI_inst/axi_awready_i_1_n_0                                                                |                4 |              8 |
|  lab6_i/processing_system7_0/inst/FCLK_CLK0 | lab6_i/me_match_0/inst/me_match_v1_0_S00_AXI_inst/slv_reg13[23]_i_1_n_0                                                                                   | lab6_i/me_match_0/inst/me_match_v1_0_S00_AXI_inst/slv_reg13[31]_i_1_n_0                                                              |                2 |              8 |
|  lab6_i/processing_system7_0/inst/FCLK_CLK0 | lab6_i/me_match_0/inst/me_match_v1_0_S00_AXI_inst/slv_reg13[15]_i_1_n_0                                                                                   | lab6_i/me_match_0/inst/me_match_v1_0_S00_AXI_inst/slv_reg13[31]_i_1_n_0                                                              |                3 |              8 |
|  lab6_i/processing_system7_0/inst/FCLK_CLK0 | lab6_i/me_match_0/inst/me_match_v1_0_S00_AXI_inst/slv_reg12[7]_i_1_n_0                                                                                    | lab6_i/me_match_0/inst/me_match_v1_0_S00_AXI_inst/axi_awready_i_1_n_0                                                                |                3 |              8 |
|  lab6_i/processing_system7_0/inst/FCLK_CLK0 | lab6_i/me_match_0/inst/me_match_v1_0_S00_AXI_inst/slv_reg12[31]_i_1_n_0                                                                                   | lab6_i/me_match_0/inst/me_match_v1_0_S00_AXI_inst/axi_awready_i_1_n_0                                                                |                2 |              8 |
|  lab6_i/processing_system7_0/inst/FCLK_CLK0 | lab6_i/me_match_0/inst/me_match_v1_0_S00_AXI_inst/slv_reg8__0[7]                                                                                          | lab6_i/me_match_0/inst/me_match_v1_0_S00_AXI_inst/axi_awready_i_1_n_0                                                                |                3 |              8 |
|  lab6_i/processing_system7_0/inst/FCLK_CLK0 | lab6_i/me_match_0/inst/me_match_v1_0_S00_AXI_inst/slv_reg12[15]_i_1_n_0                                                                                   | lab6_i/me_match_0/inst/me_match_v1_0_S00_AXI_inst/axi_awready_i_1_n_0                                                                |                2 |              8 |
|  lab6_i/processing_system7_0/inst/FCLK_CLK0 | lab6_i/me_match_0/inst/me_match_v1_0_S00_AXI_inst/slv_reg13[7]_i_1_n_0                                                                                    | lab6_i/me_match_0/inst/me_match_v1_0_S00_AXI_inst/slv_reg13[31]_i_1_n_0                                                              |                4 |              8 |
|  lab6_i/processing_system7_0/inst/FCLK_CLK0 | lab6_i/me_match_0/inst/me_match_v1_0_S00_AXI_inst/slv_reg13[31]_i_2_n_0                                                                                   | lab6_i/me_match_0/inst/me_match_v1_0_S00_AXI_inst/slv_reg13[31]_i_1_n_0                                                              |                2 |              8 |
|  lab6_i/processing_system7_0/inst/FCLK_CLK0 | lab6_i/me_match_0/inst/me_match_v1_0_S00_AXI_inst/slv_reg15[15]_i_1_n_0                                                                                   | lab6_i/me_match_0/inst/me_match_v1_0_S00_AXI_inst/axi_awready_i_1_n_0                                                                |                4 |              8 |
|  lab6_i/processing_system7_0/inst/FCLK_CLK0 | lab6_i/me_match_0/inst/me_match_v1_0_S00_AXI_inst/slv_reg15[23]_i_1_n_0                                                                                   | lab6_i/me_match_0/inst/me_match_v1_0_S00_AXI_inst/axi_awready_i_1_n_0                                                                |                2 |              8 |
|  lab6_i/processing_system7_0/inst/FCLK_CLK0 | lab6_i/me_match_0/inst/me_match_v1_0_S00_AXI_inst/slv_reg15[31]_i_1_n_0                                                                                   | lab6_i/me_match_0/inst/me_match_v1_0_S00_AXI_inst/axi_awready_i_1_n_0                                                                |                3 |              8 |
|  lab6_i/processing_system7_0/inst/FCLK_CLK0 | lab6_i/me_match_0/inst/me_match_v1_0_S00_AXI_inst/slv_reg15[7]_i_1_n_0                                                                                    | lab6_i/me_match_0/inst/me_match_v1_0_S00_AXI_inst/axi_awready_i_1_n_0                                                                |                6 |              8 |
|  lab6_i/processing_system7_0/inst/FCLK_CLK0 | lab6_i/me_match_0/inst/me_match_v1_0_S00_AXI_inst/slv_reg16[15]_i_1_n_0                                                                                   | lab6_i/me_match_0/inst/me_match_v1_0_S00_AXI_inst/axi_awready_i_1_n_0                                                                |                2 |              8 |
|  lab6_i/processing_system7_0/inst/FCLK_CLK0 | lab6_i/me_match_0/inst/me_match_v1_0_S00_AXI_inst/slv_reg16[23]_i_1_n_0                                                                                   | lab6_i/me_match_0/inst/me_match_v1_0_S00_AXI_inst/axi_awready_i_1_n_0                                                                |                3 |              8 |
|  lab6_i/processing_system7_0/inst/FCLK_CLK0 | lab6_i/me_match_0/inst/me_match_v1_0_S00_AXI_inst/slv_reg16[31]_i_1_n_0                                                                                   | lab6_i/me_match_0/inst/me_match_v1_0_S00_AXI_inst/axi_awready_i_1_n_0                                                                |                3 |              8 |
|  lab6_i/processing_system7_0/inst/FCLK_CLK0 | lab6_i/me_match_0/inst/me_match_v1_0_S00_AXI_inst/slv_reg16[7]_i_1_n_0                                                                                    | lab6_i/me_match_0/inst/me_match_v1_0_S00_AXI_inst/axi_awready_i_1_n_0                                                                |                2 |              8 |
|  lab6_i/processing_system7_0/inst/FCLK_CLK0 | lab6_i/ps7_0_axi_periph/s00_couplers/auto_pc/inst/gen_axilite.gen_b2s_conv.axilite_b2s/RD.r_channel_0/r_push_r                                            |                                                                                                                                      |                4 |             13 |
|  lab6_i/processing_system7_0/inst/FCLK_CLK0 | lab6_i/ps7_0_axi_periph/s00_couplers/auto_pc/inst/gen_axilite.gen_b2s_conv.axilite_b2s/SI_REG/b_pipe/p_1_in                                               |                                                                                                                                      |                2 |             14 |
|  lab6_i/processing_system7_0/inst/FCLK_CLK0 | lab6_i/ps7_0_axi_periph/s00_couplers/auto_pc/inst/gen_axilite.gen_b2s_conv.axilite_b2s/SI_REG/b_pipe/skid_buffer_reg[0]_0                                 |                                                                                                                                      |                2 |             14 |
|  lab6_i/processing_system7_0/inst/FCLK_CLK0 | lab6_i/ps7_0_axi_periph/s00_couplers/auto_pc/inst/gen_axilite.gen_b2s_conv.axilite_b2s/WR.aw_channel_0/aw_cmd_fsm_0/E[0]                                  |                                                                                                                                      |                6 |             16 |
|  lab6_i/processing_system7_0/inst/FCLK_CLK0 | lab6_i/ps7_0_axi_periph/s00_couplers/auto_pc/inst/gen_axilite.gen_b2s_conv.axilite_b2s/WR.aw_channel_0/aw_cmd_fsm_0/b_push                                |                                                                                                                                      |                3 |             16 |
|  lab6_i/processing_system7_0/inst/FCLK_CLK0 | lab6_i/ps7_0_axi_periph/s00_couplers/auto_pc/inst/gen_axilite.gen_b2s_conv.axilite_b2s/RD.ar_channel_0/ar_cmd_fsm_0/axlen_cnt_reg[3][0]                   |                                                                                                                                      |                6 |             16 |
|  lab6_i/processing_system7_0/inst/FCLK_CLK0 | lab6_i/me_match_0/inst/me_match_v1_0_S00_AXI_inst/min_sad                                                                                                 | lab6_i/me_match_0/inst/me_match_v1_0_S00_AXI_inst/min_sad[15]_i_1_n_0                                                                |                4 |             16 |
|  lab6_i/processing_system7_0/inst/FCLK_CLK0 | lab6_i/me_match_0/inst/me_match_v1_0_S00_AXI_inst/sad                                                                                                     | lab6_i/me_match_0/inst/me_match_v1_0_S00_AXI_inst/sad[15]_i_1_n_0                                                                    |                2 |             16 |
|  lab6_i/processing_system7_0/inst/FCLK_CLK0 | lab6_i/me_match_0/inst/me_match_v1_0_S00_AXI_inst/mvx1                                                                                                    | lab6_i/me_match_0/inst/me_match_v1_0_S00_AXI_inst/mvx1[4]_i_1_n_0                                                                    |                4 |             17 |
|  lab6_i/processing_system7_0/inst/FCLK_CLK0 | lab6_i/me_match_0/inst/me_match_v1_0_S00_AXI_inst/mvx1                                                                                                    | lab6_i/me_match_0/inst/me_match_v1_0_S00_AXI_inst/mvx1[31]_i_1_n_0                                                                   |                7 |             27 |
|  lab6_i/processing_system7_0/inst/FCLK_CLK0 | lab6_i/ps7_0_axi_periph/s00_couplers/auto_pc/inst/gen_axilite.gen_b2s_conv.axilite_b2s/RD.ar_channel_0/ar_cmd_fsm_0/m_payload_i_reg[0]_1[0]               |                                                                                                                                      |                5 |             28 |
|  lab6_i/processing_system7_0/inst/FCLK_CLK0 | lab6_i/ps7_0_axi_periph/s00_couplers/auto_pc/inst/gen_axilite.gen_b2s_conv.axilite_b2s/WR.aw_channel_0/aw_cmd_fsm_0/m_payload_i_reg[0][0]                 |                                                                                                                                      |                5 |             28 |
|  lab6_i/processing_system7_0/inst/FCLK_CLK0 | lab6_i/ps7_0_axi_periph/s00_couplers/auto_pc/inst/gen_axilite.gen_b2s_conv.axilite_b2s/SI_REG/ar_pipe/s_axi_arready                                       |                                                                                                                                      |                7 |             28 |
|  lab6_i/processing_system7_0/inst/FCLK_CLK0 | lab6_i/ps7_0_axi_periph/s00_couplers/auto_pc/inst/gen_axilite.gen_b2s_conv.axilite_b2s/SI_REG/aw_pipe/s_axi_awready                                       |                                                                                                                                      |                7 |             28 |
|  lab6_i/processing_system7_0/inst/FCLK_CLK0 | lab6_i/me_match_0/inst/me_match_v1_0_S00_AXI_inst/mvy                                                                                                     | lab6_i/me_match_0/inst/me_match_v1_0_S00_AXI_inst/mvy[31]_i_1_n_0                                                                    |                9 |             31 |
|  lab6_i/processing_system7_0/inst/FCLK_CLK0 | lab6_i/me_match_0/inst/me_match_v1_0_S00_AXI_inst/tmpx[31]_i_1_n_0                                                                                        |                                                                                                                                      |                5 |             32 |
|  lab6_i/processing_system7_0/inst/FCLK_CLK0 | lab6_i/me_match_0/inst/me_match_v1_0_S00_AXI_inst/slv_reg_rden                                                                                            | lab6_i/me_match_0/inst/me_match_v1_0_S00_AXI_inst/axi_awready_i_1_n_0                                                                |               12 |             32 |
|  lab6_i/processing_system7_0/inst/FCLK_CLK0 | lab6_i/me_match_0/inst/me_match_v1_0_S00_AXI_inst/counter[31]_i_2_n_0                                                                                     | lab6_i/me_match_0/inst/me_match_v1_0_S00_AXI_inst/counter[31]_i_1_n_0                                                                |                9 |             32 |
|  lab6_i/processing_system7_0/inst/FCLK_CLK0 | lab6_i/ps7_0_axi_periph/s00_couplers/auto_pc/inst/gen_axilite.gen_b2s_conv.axilite_b2s/RD.r_channel_0/rd_data_fifo_0/wr_en0                               |                                                                                                                                      |                9 |             34 |
|  lab6_i/processing_system7_0/inst/FCLK_CLK0 |                                                                                                                                                           | lab6_i/me_match_0/inst/me_match_v1_0_S00_AXI_inst/axi_awready_i_1_n_0                                                                |               24 |             46 |
|  lab6_i/processing_system7_0/inst/FCLK_CLK0 | lab6_i/ps7_0_axi_periph/s00_couplers/auto_pc/inst/gen_axilite.gen_b2s_conv.axilite_b2s/SI_REG/r_pipe/p_1_in                                               |                                                                                                                                      |               10 |             47 |
|  lab6_i/processing_system7_0/inst/FCLK_CLK0 | lab6_i/ps7_0_axi_periph/s00_couplers/auto_pc/inst/gen_axilite.gen_b2s_conv.axilite_b2s/SI_REG/r_pipe/skid_buffer_reg[0]_0                                 |                                                                                                                                      |                9 |             47 |
|  lab6_i/processing_system7_0/inst/FCLK_CLK0 |                                                                                                                                                           | lab6_i/ps7_0_axi_periph/s00_couplers/auto_pc/inst/gen_axilite.gen_b2s_conv.axilite_b2s/areset_d1                                     |               14 |             57 |
|  lab6_i/processing_system7_0/inst/FCLK_CLK0 | lab6_i/me_match_0/inst/me_match_v1_0_S00_AXI_inst/mvx                                                                                                     | lab6_i/me_match_0/inst/me_match_v1_0_S00_AXI_inst/mvx[31]_i_1_n_0                                                                    |               19 |             61 |
|  lab6_i/processing_system7_0/inst/FCLK_CLK0 | lab6_i/me_match_0/inst/me_match_v1_0_S00_AXI_inst/ip_mvx                                                                                                  | lab6_i/me_match_0/inst/me_match_v1_0_S00_AXI_inst/ip_mvx[31]_i_1_n_0                                                                 |               19 |             64 |
|  lab6_i/processing_system7_0/inst/FCLK_CLK0 |                                                                                                                                                           |                                                                                                                                      |               31 |            110 |
|  lab6_i/processing_system7_0/inst/FCLK_CLK0 | lab6_i/me_match_0/inst/me_match_v1_0_S00_AXI_inst/cb_bank[11][127]_i_1_n_0                                                                                |                                                                                                                                      |               36 |            128 |
|  lab6_i/processing_system7_0/inst/FCLK_CLK0 | lab6_i/me_match_0/inst/me_match_v1_0_S00_AXI_inst/cb_bank[9][127]_i_1_n_0                                                                                 |                                                                                                                                      |               37 |            128 |
|  lab6_i/processing_system7_0/inst/FCLK_CLK0 | lab6_i/me_match_0/inst/me_match_v1_0_S00_AXI_inst/cb_bank[8][127]_i_1_n_0                                                                                 |                                                                                                                                      |               36 |            128 |
|  lab6_i/processing_system7_0/inst/FCLK_CLK0 | lab6_i/me_match_0/inst/me_match_v1_0_S00_AXI_inst/cb_bank[7][127]_i_1_n_0                                                                                 |                                                                                                                                      |               39 |            128 |
|  lab6_i/processing_system7_0/inst/FCLK_CLK0 | lab6_i/me_match_0/inst/me_match_v1_0_S00_AXI_inst/cb_bank[6][127]_i_1_n_0                                                                                 |                                                                                                                                      |               38 |            128 |
|  lab6_i/processing_system7_0/inst/FCLK_CLK0 | lab6_i/me_match_0/inst/me_match_v1_0_S00_AXI_inst/cb_bank                                                                                                 |                                                                                                                                      |               34 |            128 |
|  lab6_i/processing_system7_0/inst/FCLK_CLK0 | lab6_i/me_match_0/inst/me_match_v1_0_S00_AXI_inst/cb_bank[10][127]_i_1_n_0                                                                                |                                                                                                                                      |               34 |            128 |
|  lab6_i/processing_system7_0/inst/FCLK_CLK0 | lab6_i/me_match_0/inst/me_match_v1_0_S00_AXI_inst/cb_bank[13][127]_i_1_n_0                                                                                |                                                                                                                                      |               37 |            128 |
|  lab6_i/processing_system7_0/inst/FCLK_CLK0 | lab6_i/me_match_0/inst/me_match_v1_0_S00_AXI_inst/cb_bank[14][127]_i_1_n_0                                                                                |                                                                                                                                      |               37 |            128 |
|  lab6_i/processing_system7_0/inst/FCLK_CLK0 | lab6_i/me_match_0/inst/me_match_v1_0_S00_AXI_inst/cb_bank[12][127]_i_1_n_0                                                                                |                                                                                                                                      |               38 |            128 |
|  lab6_i/processing_system7_0/inst/FCLK_CLK0 | lab6_i/me_match_0/inst/me_match_v1_0_S00_AXI_inst/cb_bank[15][127]_i_1_n_0                                                                                |                                                                                                                                      |               35 |            128 |
|  lab6_i/processing_system7_0/inst/FCLK_CLK0 | lab6_i/me_match_0/inst/me_match_v1_0_S00_AXI_inst/cb_bank[1][127]_i_1_n_0                                                                                 |                                                                                                                                      |               38 |            128 |
|  lab6_i/processing_system7_0/inst/FCLK_CLK0 | lab6_i/me_match_0/inst/me_match_v1_0_S00_AXI_inst/cb_bank[2][127]_i_1_n_0                                                                                 |                                                                                                                                      |               35 |            128 |
|  lab6_i/processing_system7_0/inst/FCLK_CLK0 | lab6_i/me_match_0/inst/me_match_v1_0_S00_AXI_inst/cb_bank[3][127]_i_1_n_0                                                                                 |                                                                                                                                      |               38 |            128 |
|  lab6_i/processing_system7_0/inst/FCLK_CLK0 | lab6_i/me_match_0/inst/me_match_v1_0_S00_AXI_inst/cb_bank[4][127]_i_1_n_0                                                                                 |                                                                                                                                      |               37 |            128 |
|  lab6_i/processing_system7_0/inst/FCLK_CLK0 | lab6_i/me_match_0/inst/me_match_v1_0_S00_AXI_inst/cb_bank[5][127]_i_1_n_0                                                                                 |                                                                                                                                      |               35 |            128 |
|  lab6_i/processing_system7_0/inst/FCLK_CLK0 | lab6_i/me_match_0/inst/me_match_v1_0_S00_AXI_inst/prev_pixel[15][127]_i_1_n_0                                                                             |                                                                                                                                      |              103 |            256 |
|  lab6_i/processing_system7_0/inst/FCLK_CLK0 | lab6_i/me_match_0/inst/me_match_v1_0_S00_AXI_inst/prev_pixel[6][127]_i_1_n_0                                                                              |                                                                                                                                      |               92 |            256 |
|  lab6_i/processing_system7_0/inst/FCLK_CLK0 | lab6_i/me_match_0/inst/me_match_v1_0_S00_AXI_inst/prev_pixel[5][127]_i_1_n_0                                                                              |                                                                                                                                      |               88 |            256 |
|  lab6_i/processing_system7_0/inst/FCLK_CLK0 | lab6_i/me_match_0/inst/me_match_v1_0_S00_AXI_inst/prev_pixel[4][127]_i_1_n_0                                                                              |                                                                                                                                      |               83 |            256 |
|  lab6_i/processing_system7_0/inst/FCLK_CLK0 | lab6_i/me_match_0/inst/me_match_v1_0_S00_AXI_inst/prev_pixel[7][127]_i_1_n_0                                                                              |                                                                                                                                      |               82 |            256 |
|  lab6_i/processing_system7_0/inst/FCLK_CLK0 | lab6_i/me_match_0/inst/me_match_v1_0_S00_AXI_inst/prev_pixel[8][127]_i_1_n_0                                                                              |                                                                                                                                      |               80 |            256 |
|  lab6_i/processing_system7_0/inst/FCLK_CLK0 | lab6_i/me_match_0/inst/me_match_v1_0_S00_AXI_inst/prev_pixel[9][127]_i_1_n_0                                                                              |                                                                                                                                      |               83 |            256 |
|  lab6_i/processing_system7_0/inst/FCLK_CLK0 | lab6_i/me_match_0/inst/me_match_v1_0_S00_AXI_inst/prev_pixel__0                                                                                           |                                                                                                                                      |               91 |            256 |
|  lab6_i/processing_system7_0/inst/FCLK_CLK0 | lab6_i/me_match_0/inst/me_match_v1_0_S00_AXI_inst/prev_pixel1[1][127]_i_1_n_0                                                                             |                                                                                                                                      |               86 |            256 |
|  lab6_i/processing_system7_0/inst/FCLK_CLK0 | lab6_i/me_match_0/inst/me_match_v1_0_S00_AXI_inst/prev_pixel1[2][127]_i_1_n_0                                                                             |                                                                                                                                      |               87 |            256 |
|  lab6_i/processing_system7_0/inst/FCLK_CLK0 | lab6_i/me_match_0/inst/me_match_v1_0_S00_AXI_inst/prev_pixel1[3][127]_i_1_n_0                                                                             |                                                                                                                                      |               94 |            256 |
|  lab6_i/processing_system7_0/inst/FCLK_CLK0 | lab6_i/me_match_0/inst/me_match_v1_0_S00_AXI_inst/prev_pixel[13][127]_i_1_n_0                                                                             |                                                                                                                                      |               80 |            256 |
|  lab6_i/processing_system7_0/inst/FCLK_CLK0 | lab6_i/me_match_0/inst/me_match_v1_0_S00_AXI_inst/prev_pixel[11][127]_i_1_n_0                                                                             |                                                                                                                                      |               84 |            256 |
|  lab6_i/processing_system7_0/inst/FCLK_CLK0 | lab6_i/me_match_0/inst/me_match_v1_0_S00_AXI_inst/prev_pixel[14][127]_i_1_n_0                                                                             |                                                                                                                                      |               76 |            256 |
|  lab6_i/processing_system7_0/inst/FCLK_CLK0 | lab6_i/me_match_0/inst/me_match_v1_0_S00_AXI_inst/prev_pixel[12][127]_i_1_n_0                                                                             |                                                                                                                                      |               91 |            256 |
|  lab6_i/processing_system7_0/inst/FCLK_CLK0 | lab6_i/me_match_0/inst/me_match_v1_0_S00_AXI_inst/prev_pixel[10][127]_i_1_n_0                                                                             |                                                                                                                                      |               82 |            256 |
|  lab6_i/processing_system7_0/inst/FCLK_CLK0 | lab6_i/me_match_0/inst/me_match_v1_0_S00_AXI_inst/reg_partial_sum_5_1                                                                                     |                                                                                                                                      |              448 |           1488 |
|  lab6_i/processing_system7_0/inst/FCLK_CLK0 | lab6_i/me_match_0/inst/me_match_v1_0_S00_AXI_inst/abs_diff[131][7]_i_1_n_0                                                                                |                                                                                                                                      |             1024 |           4096 |
+---------------------------------------------+-----------------------------------------------------------------------------------------------------------------------------------------------------------+--------------------------------------------------------------------------------------------------------------------------------------+------------------+----------------+


+--------+-----------------------+
| Fanout | Number of ControlSets |
+--------+-----------------------+
| 2      |                     1 |
| 4      |                     5 |
| 5      |                     2 |
| 6      |                     2 |
| 8      |                    73 |
| 13     |                     1 |
| 14     |                     2 |
| 16+    |                    57 |
+--------+-----------------------+


