#-----------------------------------------------------------
# Vivado v2016.4 (64-bit)
# SW Build 1756540 on Mon Jan 23 19:11:23 MST 2017
# IP Build 1755317 on Mon Jan 23 20:30:07 MST 2017
# Start of session at: Wed Jun 21 12:19:30 2017
# Process ID: 2740
# Current directory: C:/Users/shlab_89/Desktop/0620_lab_BRAM/0316303_0619
# Command line: vivado.exe -gui_launcher_event rodinguilauncherevent4400 C:\Users\shlab_89\Desktop\0620_lab_BRAM\0316303_0619\0316303_0619.xpr
# Log file: C:/Users/shlab_89/Desktop/0620_lab_BRAM/0316303_0619/vivado.log
# Journal file: C:/Users/shlab_89/Desktop/0620_lab_BRAM/0316303_0619\vivado.jou
#-----------------------------------------------------------
start_gui
open_project C:/Users/shlab_89/Desktop/0620_lab_BRAM/0316303_0619/0316303_0619.xpr
file copy -force C:/Users/shlab_89/Desktop/0620_lab_BRAM/0316303_0619/0316303_0619.runs/impl_1/lab6_wrapper.sysdef C:/Users/shlab_89/Desktop/0620_lab_BRAM/0316303_0619/0316303_0619.sdk/lab6_wrapper.hdf

launch_sdk -workspace C:/Users/shlab_89/Desktop/0620_lab_BRAM/0316303_0619/0316303_0619.sdk -hwspec C:/Users/shlab_89/Desktop/0620_lab_BRAM/0316303_0619/0316303_0619.sdk/lab6_wrapper.hdf
